# --------------------------------------------------- // System
# downgrade                                            # downgrade packages
trash-cli-git                                        # cli to manage trash files
libinput-gestures                                    # actions touchpad gestures using libinput
gestures                                             # gui for libinput-gestures
nwg-displays
mesa-utils
btop
rsync
unzip
zip
wget
python-pip
python-pynvim
plymouth
bolt

# --------------------------------------------------- // Nvidia
nvidia
nvidia-utils

# --------------------------------------------------- // Terminal
fastfetch
fisher
github-cli
bat
neovim

# --------------------------------------------------- // Dependencies
xdg-desktop-portal-gtk                                 # xdg desktop portal using gtk

# --------------------------------------------------- // Gaming
steam                                                  # gaming platform
gamemode                                               # daemon and library for game optimisations
mangohud                                               # system performance overlay

# --------------------------------------------------- // Music
cava                                                   # audio visualizer
spotify                                                # proprietary music streaming service
spicetify-cli                                          # cli to customize spotify client

# --------------------------------------------------- // Apps
nano
obsidian
brave-bin
bitwarden
helvum
visual-studio-code-bin
